{
    "processed": 2,
    "emailed": 2,
    "errors": []
}
{
    "processed": 2,
    "emailed": 2,
    "errors": []
}
{
    "processed": 5,
    "emailed": 5,
    "errors": []
}
{
    "processed": 5,
    "emailed": 5,
    "errors": []
}
{
    "processed": 5,
    "emailed": 5,
    "errors": []
}
{
    "processed": 6,
    "emailed": 6,
    "errors": []
}
{
    "processed": 6,
    "emailed": 6,
    "errors": []
}
{
    "processed": 6,
    "emailed": 6,
    "errors": []
}
{
    "processed": 4,
    "emailed": 4,
    "errors": []
}
{
    "processed": 4,
    "emailed": 4,
    "errors": []
}
{
    "processed": 4,
    "emailed": 4,
    "errors": []
}
{
    "processed": 1,
    "emailed": 1,
    "errors": []
}
{
    "processed": 0,
    "emailed": 0,
    "errors": []
}
{
    "processed": 0,
    "emailed": 0,
    "errors": []
}
{
    "processed": 0,
    "emailed": 0,
    "errors": []
}
{
    "processed": 0,
    "emailed": 0,
    "errors": []
}
{
    "processed": 0,
    "emailed": 0,
    "errors": []
}
{
    "processed": 0,
    "emailed": 0,
    "errors": []
}
{
    "processed": 0,
    "emailed": 0,
    "errors": []
}
{
    "processed": 0,
    "emailed": 0,
    "errors": []
}
{
    "processed": 0,
    "emailed": 0,
    "errors": []
}
